<html>
<body>
<pre>
<h1>µVision Build Log</h1>
<h2>Project:</h2>
F:\emb_Prog\SpaceInvaders.uvproj
Project File Date:  06/14/2019

<h2>Output:</h2>
Build target 'SpaceInvaders'
compiling SpaceInvaders.c...
linking...
Program Size: Code=5596 RO-data=2052 RW-data=76 ZI-data=1700  
".\SpaceInvaders.axf" - 0 Error(s), 0 Warning(s).
nvaders.c(258): warning:  #177-D: variable "posY" was declared but never referenced
         char posX=0,posY=0;
SpaceInvaders.c: 2 warnings, 0 errors
linking...
Program Size: Code=5600 RO-data=2052 RW-data=76 ZI-data=1700  
".\SpaceInvaders.axf" - 0 Error(s), 2 Warning(s).
